// Jest Snapshot v1, https://goo.gl/fbAQLP

exports[`Feedback on Render should render 1`] = `
<div>
  <div
    class="MuiGrid2-root MuiGrid2-container MuiGrid2-direction-xs-row css-18l5w1l-MuiGrid2-root"
  >
    <div
      class="MuiGrid2-root MuiGrid2-direction-xs-row MuiGrid2-grid-xs-12 css-1j0u08r-MuiGrid2-root"
    >
      <div>
        # Feedback Advice 

testing markdown with *snapshot testing*

1. test ordered list

1.1 test ordered list 2

and some tips:

* tip 1
* tip 2
      </div>
    </div>
    <div
      class="MuiGrid2-root MuiGrid2-container MuiGrid2-direction-xs-row MuiGrid2-grid-xs-12 css-n3xlqn-MuiGrid2-root"
    >
      <button
        aria-label="Copy to clipboard"
        class="MuiButtonBase-root MuiIconButton-root MuiIconButton-sizeMedium css-53g0n7-MuiButtonBase-root-MuiIconButton-root"
        data-mui-internal-clone-element="true"
        tabindex="0"
        type="button"
      >
        <svg
          aria-hidden="true"
          class="MuiSvgIcon-root MuiSvgIcon-fontSizeMedium css-1umw9bq-MuiSvgIcon-root"
          data-testid="ContentCopyIcon"
          focusable="false"
          viewBox="0 0 24 24"
        >
          <path
            d="M16 1H4c-1.1 0-2 .9-2 2v14h2V3h12zm3 4H8c-1.1 0-2 .9-2 2v14c0 1.1.9 2 2 2h11c1.1 0 2-.9 2-2V7c0-1.1-.9-2-2-2m0 16H8V7h11z"
          />
        </svg>
      </button>
      <button
        aria-label="Restart"
        class="MuiButtonBase-root MuiIconButton-root MuiIconButton-sizeMedium css-53g0n7-MuiButtonBase-root-MuiIconButton-root"
        data-mui-internal-clone-element="true"
        tabindex="0"
        type="button"
      >
        <svg
          aria-hidden="true"
          class="MuiSvgIcon-root MuiSvgIcon-fontSizeMedium css-1umw9bq-MuiSvgIcon-root"
          data-testid="RestartAltIcon"
          focusable="false"
          viewBox="0 0 24 24"
        >
          <path
            d="M12 5V2L8 6l4 4V7c3.31 0 6 2.69 6 6 0 2.97-2.17 5.43-5 5.91v2.02c3.95-.49 7-3.85 7-7.93 0-4.42-3.58-8-8-8m-6 8c0-1.65.67-3.15 1.76-4.24L6.34 7.34C4.9 8.79 4 10.79 4 13c0 4.08 3.05 7.44 7 7.93v-2.02c-2.83-.48-5-2.94-5-5.91"
          />
        </svg>
      </button>
    </div>
  </div>
</div>
`;
